// Jest Snapshot v1, https://goo.gl/fbAQLP

exports[`ViewRacks component renders without error 1`] = `
<main
  role="main"
>
  <section
    className="ViewRacks"
  >
    <div
      className="ViewRacks__wrapper"
    >
      <h3>
        My Racks
      </h3>
      <RacksList />
    </div>
  </section>
</main>
`;
