// Jest Snapshot v1, https://goo.gl/fbAQLP

exports[`SignInForm component renders without error 1`] = `
<Form
  id="SignIn"
  onSubmit={[Function]}
>
  <h2>
    Sign In
  </h2>
  <p>
    Enter your Racking Up account credentials below to sign in.
  </p>
  <FormField
    id="email"
    isRequired={true}
    label="Email"
    onChange={[Function]}
    type="email"
    value=""
  />
  <FormField
    id="password"
    isRequired={true}
    label="Password"
    onChange={[Function]}
    type="password"
    value=""
  />
  <div
    className="Form__controls"
  >
    <button
      type="submit"
    >
      Sign In
    </button>
  </div>
  <p
    className="Form__footer"
  >
    Don't have an account? Sign up for a Racking Up account
     
    <Link
      to="/"
    >
      here
    </Link>
    .
  </p>
</Form>
`;
