// Jest Snapshot v1, https://goo.gl/fbAQLP

exports[`SignUpForm component renders without error 1`] = `
<Form
  id="Register"
  onSubmit={[Function]}
>
  <h2>
    Sign up today!
  </h2>
  <p>
    Creating an account for Racking Up is easy! Fill out the information below to create an account.
  </p>
  <FormField
    id="email"
    isRequired={true}
    label="Email"
    onChange={[Function]}
    type="email"
    value=""
  />
  <FormField
    id="password"
    isRequired={true}
    label="Password"
    onChange={[Function]}
    type="password"
    value=""
  />
  <FormField
    id="passwordConfirm"
    isRequired={true}
    label="Password (Confirm)"
    onChange={[Function]}
    type="password"
    value=""
  />
  <FormField
    id="name"
    isRequired={false}
    label="Name"
    onChange={[Function]}
    type="text"
    value=""
  />
  <div
    className="Form__controls"
  >
    <button
      type="submit"
    >
      Sign Up
    </button>
  </div>
  <p
    className="Form__footer"
  >
    Already have an account? Sign in to your Racking Up account
     
    <Link
      to="/sign-in"
    >
      here
    </Link>
    .
  </p>
</Form>
`;
