// Jest Snapshot v1, https://goo.gl/fbAQLP

exports[`RackItem component renders without error 1`] = `
<li
  className="RackItem"
>
  <span
    className="RackItem__infoName"
  >
    This rack has no items.
  </span>
</li>
`;
